// Jest Snapshot v1, https://goo.gl/fbAQLP

exports[`VoteButton Component Component Renders renders correctly 1`] = `ShallowWrapper {}`;
