// Jest Snapshot v1, https://goo.gl/fbAQLP

exports[`VoteHistoryItem Component Component Renders renders correctly 1`] = `ShallowWrapper {}`;
