// Jest Snapshot v1, https://goo.gl/fbAQLP

exports[`Draw Component Component Renders renders correctly 1`] = `ShallowWrapper {}`;
