// Jest Snapshot v1, https://goo.gl/fbAQLP

exports[`Component Renders renders correctly 1`] = `ShallowWrapper {}`;
